The CXX compiler identification could not be found in "C:/VS/Workspace/atshogi-android/app/.cxx/Debug/3342c1c1/arm64-v8a/CMakeFiles/3.22.1-g37088a8-dirty/CompilerIdCXX/CMakeCXXCompilerId.o"

Compiling the CXX compiler identification source file "CMakeCXXCompilerId.cpp" failed.
Compiler: C:/Users/Admin/AppData/Local/Android/Sdk/ndk/27.0.12077973/toolchains/llvm/prebuilt/windows-x86_64/bin/clang++.exe 
Build flags: -g;-DANDROID;-fdata-sections;-ffunction-sections;-funwind-tables;-fstack-protector-strong;-no-canonical-prefixes;-D_FORTIFY_SOURCE=2;-Wformat;-Werror=format-security;;-std=c++17;-O3;-ffast-math;-flto
Id flags:  

The output was:
1
lld: error: unable to find library -lstdc++
lld: error: unable to find library -lssp_nonshared
lld: error: unable to find library -lssp
lld: error: unable to find library -lmingw32
lld: error: unable to find library -lgcc_s
lld: error: unable to find library -lgcc
lld: error: unable to find library -lmoldname
lld: error: unable to find library -lmingwex
lld: error: unable to find library -lmsvcrt
lld: error: unable to find library -ladvapi32
lld: error: unable to find library -lshell32
lld: error: unable to find library -luser32
lld: error: unable to find library -lkernel32
lld: error: unable to find library -lmingw32
lld: error: unable to find library -lgcc_s
lld: error: unable to find library -lgcc
lld: error: unable to find library -lmoldname
lld: error: unable to find library -lmingwex
lld: error: unable to find library -lmsvcrt
lld: error: unable to find library -lkernel32
clang++: error: linker command failed with exit code 1 (use -v to see invocation)


The CXX compiler identification could not be found in "C:/VS/Workspace/atshogi-android/app/.cxx/Debug/3342c1c1/arm64-v8a/CMakeFiles/3.22.1-g37088a8-dirty/CompilerIdCXX/CMakeCXXCompilerId.o"

Compiling the CXX compiler identification source file "CMakeCXXCompilerId.cpp" failed.
Compiler: C:/Users/Admin/AppData/Local/Android/Sdk/ndk/27.0.12077973/toolchains/llvm/prebuilt/windows-x86_64/bin/clang++.exe 
Build flags: -g;-DANDROID;-fdata-sections;-ffunction-sections;-funwind-tables;-fstack-protector-strong;-no-canonical-prefixes;-D_FORTIFY_SOURCE=2;-Wformat;-Werror=format-security;;-std=c++17;-O3;-ffast-math;-flto
Id flags: --c++ 

The output was:
1
clang++: error: unknown argument: '--c++'


Compiling the CXX compiler identification source file "CMakeCXXCompilerId.cpp" failed.
Compiler: C:/Users/Admin/AppData/Local/Android/Sdk/ndk/27.0.12077973/toolchains/llvm/prebuilt/windows-x86_64/bin/clang++.exe 
Build flags: -g;-DANDROID;-fdata-sections;-ffunction-sections;-funwind-tables;-fstack-protector-strong;-no-canonical-prefixes;-D_FORTIFY_SOURCE=2;-Wformat;-Werror=format-security;;-std=c++17;-O3;-ffast-math;-flto
Id flags: --ec++ 

The output was:
1
clang++: error: unknown argument: '--ec++'


Compiling the CXX compiler identification source file "CMakeCXXCompilerId.cpp" failed.
Compiler: C:/Users/Admin/AppData/Local/Android/Sdk/ndk/27.0.12077973/toolchains/llvm/prebuilt/windows-x86_64/bin/clang++.exe 
Build flags: -g;-DANDROID;-fdata-sections;-ffunction-sections;-funwind-tables;-fstack-protector-strong;-no-canonical-prefixes;-D_FORTIFY_SOURCE=2;-Wformat;-Werror=format-security;;-std=c++17;-O3;-ffast-math;-flto
Id flags: --target=arm-arm-none-eabi;-mcpu=cortex-m3 

The output was:
1
ld.lld: error: unable to find library -lc++
ld.lld: error: unable to find library -lc++abi
ld.lld: error: unable to find library -lunwind
ld.lld: error: unable to find library -lc
ld.lld: error: unable to find library -lm
ld.lld: error: unable to find library -lclang_rt.builtins-arm
clang++: error: ld.lld command failed with exit code 1 (use -v to see invocation)


The CXX compiler identification could not be found in "C:/VS/Workspace/atshogi-android/app/.cxx/Debug/3342c1c1/arm64-v8a/CMakeFiles/3.22.1-g37088a8-dirty/CompilerIdCXX/CMakeCXXCompilerId.o"

